HAPROXY OK: 58 proxies found
85 FRONTEND (act) OPEN	sess=21/4096(0%) smax=54
85_ads_cygnus_com_ BACKEND (act) UP	sess=0/410(0%) smax=0
85_beta_manage_ 1225112e50221c6c82e36b615e931214a349628e (act) UP	sess=0/-1(0%) smax=0
85_beta_manage_ BACKEND (act) UP	sess=0/410(0%) smax=0
85_beta_manage_ af6cecda2ec36f76ac732d6a07c14f28ad8729db (act) UP	sess=0/-1(0%) smax=0
85_beta_manage_ ce4d0b217a10d77aeb19ead09d5cebc5fddcfe57 (act) UP	sess=0/-1(0%) smax=0
85_beta_manage_ f0a5e20d1ed25a46db1277ffcd27f7834089b9a3 (act) UP	sess=0/-1(0%) smax=0
85_clarity_ BACKEND (act) UP	sess=0/410(0%) smax=2
85_components_ BACKEND (act) UP	sess=0/410(0%) smax=4
85_contracts_ BACKEND (act) UP	sess=0/410(0%) smax=1
85_cygnus_ BACKEND (act) UP	sess=0/410(0%) smax=1
85_dfp_www_ 643ba73c76c8fe43a593deff8c267a3a8d6a39a2 (act) UP	sess=0/-1(0%) smax=1
85_dfp_www_ BACKEND (act) UP	sess=0/410(0%) smax=1
85_email_ BACKEND (act) UP	sess=0/410(0%) smax=2
85_emailx_email_ 643ba73c76c8fe43a593deff8c267a3a8d6a39a2 (act) UP	sess=0/-1(0%) smax=0
85_emailx_email_ BACKEND (act) UP	sess=0/410(0%) smax=0
85_emailx_newsletter_dmnews_com_ 643ba73c76c8fe43a593deff8c267a3a8d6a39a2 (act) UP	sess=0/-1(0%) smax=0
85_emailx_newsletter_dmnews_com_ BACKEND (act) UP	sess=0/410(0%) smax=0
85_local_ 867b545e87c85dc3db732231ca4b23c510b744a3 (act) UP	sess=1/-1(0%) smax=5
85_local_ BACKEND (act) UP	sess=1/410(0%) smax=5
85_manage_ 1225112e50221c6c82e36b615e931214a349628e (act) UP	sess=0/-1(0%) smax=1
85_manage_ BACKEND (act) UP	sess=0/410(0%) smax=3
85_manage_ af6cecda2ec36f76ac732d6a07c14f28ad8729db (act) UP	sess=0/-1(0%) smax=1
85_manage_ ce4d0b217a10d77aeb19ead09d5cebc5fddcfe57 (act) UP	sess=0/-1(0%) smax=1
85_manage_ f0a5e20d1ed25a46db1277ffcd27f7834089b9a3 (act) UP	sess=0/-1(0%) smax=1
85_manage_as3_com_ 1225112e50221c6c82e36b615e931214a349628e (act) UP	sess=0/-1(0%) smax=0
85_manage_as3_com_ BACKEND (act) UP	sess=0/410(0%) smax=0
85_manage_as3_com_ af6cecda2ec36f76ac732d6a07c14f28ad8729db (act) UP	sess=0/-1(0%) smax=0
85_manage_as3_com_ ce4d0b217a10d77aeb19ead09d5cebc5fddcfe57 (act) UP	sess=0/-1(0%) smax=0
85_manage_as3_com_ f0a5e20d1ed25a46db1277ffcd27f7834089b9a3 (act) UP	sess=0/-1(0%) smax=0
85_media_ 109eccc80b81bc17dc95afe54129a421a8583fe0 (act) UP	sess=0/-1(0%) smax=0
85_media_ 60f4bcef14080f1b0b0e4a36543f28b766e4dfe5 (act) UP	sess=0/-1(0%) smax=0
85_media_ 62bbdb9eb1cae28e4e896664fe5f514eee28231f (act) UP	sess=0/-1(0%) smax=0
85_media_ 8be90cae223ef6618d73c91e3fcb52ea33a6a2a5 (act) UP	sess=0/-1(0%) smax=0
85_media_ BACKEND (act) UP	sess=0/410(0%) smax=0
85_media_backend_ 109eccc80b81bc17dc95afe54129a421a8583fe0 (act) UP	sess=0/-1(0%) smax=1
85_media_backend_ 60f4bcef14080f1b0b0e4a36543f28b766e4dfe5 (act) UP	sess=0/-1(0%) smax=1
85_media_backend_ 62bbdb9eb1cae28e4e896664fe5f514eee28231f (act) UP	sess=0/-1(0%) smax=1
85_media_backend_ 8be90cae223ef6618d73c91e3fcb52ea33a6a2a5 (act) UP	sess=0/-1(0%) smax=1
85_media_backend_ BACKEND (act) UP	sess=0/410(0%) smax=3
85_newsletter_ BACKEND (act) UP	sess=0/410(0%) smax=1
85_olytics_ 12a325ceaf9c722ee5b64574e6fd48f58922bb22 (act) UP	sess=0/-1(0%) smax=5
85_olytics_ 5244b59db100a9e2bf6fa47e231ea5bc82630b43 (act) UP	sess=0/-1(0%) smax=5
85_olytics_ 60c3cd51ecd7b24adcfa5685babc50def99cf712 (act) UP	sess=1/-1(0%) smax=5
85_olytics_ BACKEND (act) UP	sess=1/410(0%) smax=10
85_olytics_ ec3c1e1a5e262f63b1dfd665f5266eeacf003175 (act) UP	sess=0/-1(0%) smax=4
85_radix_ BACKEND (act) UP	sess=0/410(0%) smax=6
85_radix_ bac3b76021c19ee2b49c7cd710f46179bd1ffc6c (act) UP	sess=0/-1(0%) smax=6
85_www_ BACKEND (act) UP	sess=1/410(0%) smax=33
85_www_as3_com_ BACKEND (act) UP	sess=0/410(0%) smax=0
85_www_cu_ 72078c67dbca4c040cba09213b079f8db14f68a8 (act) UP	sess=0/-1(0%) smax=1
85_www_cu_ BACKEND (act) UP	sess=0/410(0%) smax=1
85_www_locksmithledger_com_admin BACKEND (act) UP	sess=0/410(0%) smax=0
85_www_locksmithledger_com_app BACKEND (act) UP	sess=0/410(0%) smax=0
85_www_locksmithledger_com_codesexpress BACKEND (act) UP	sess=0/410(0%) smax=0
85_www_locksmithledger_com_reg BACKEND (act) UP	sess=0/410(0%) smax=0
default BACKEND (act) UP	sess=0/410(0%) smax=0
default FRONTEND (act) OPEN	sess=0/4096(0%) smax=0
